meal-regimens.txt:
Manhattan Zoo
Zookeeper Intern Onboarding:
Meal Guidelines

1. California Sea Lions
Meal: 40 lbs. salmon, 40 lbs. herring, 20 lbs. Northern Anchovy, 20 lbs. Octupus
Times: 6:00 am, 9:00 am, 12:00 pm, 3:00 pm, 6:00 pm, 9:00 pm
Directions: Leave buckets for trainer at 12:00 pm and 3:00 pm, otherwise, follow standard protocol.

2. Ring-tailed Lemurs
Meal: 10 bags Tamarind pods
Times: 6:00 am, 3:00 pm, 8:00 pm
Directions: Empty bags over meadow area during designated times

3. Long-Tailed Chinchillas
Meal: 1 bag animal pellets, 1 bag dried fruit, 1/2 bag cashews, 5 carrots, 3 stalks kale
Times: 8:00 am
Directions: disperse contents throughout Chinchilla habitat

4. Poison Dart Frogs
Meal: 1 bag small crickets
Times: 6:00 am
Directions: empty bag in frog habitat once daily. Do not touch frogs! Extremely poisonous.
 
5. Western Lowland Gorilla
Meal: (Morning) 20 lbs. kale, 10 lbs. celery, 10 lbs. green beans, 5 lbs. carrots, 1 bag sweet potatoes. (Evening) 10 Bananas, 10 apples, 5 oranges, 5 mango, 20 lbs. grapes, 10 lbs. turnips, 5 lbs. white potatoes
Times: 6:30 am, 12:00 pm, 7:00 pm
Directions: feed Gorillas in the morning as group, spread forage items during noon meal, and divide quantities for individual feeding in evening

BASH:
$ git init
Initialized empty Git repository in /home/ccuser/workspace/manhattan-zoo-1/.git/
$ git status
On branch master

Initial commit

Untracked files:
  (use "git add <file>..." to include in what will be committed)

        meal-regimens.txt

nothing added to commit but untracked files present (use "git add" to track)
$ git add meal_regimens.txt
fatal: pathspec 'meal_regimens.txt' did not match any files
$ git add meal-regimens.txt
$ git commit -m "Feed"
[master (root-commit) 995bcc4] Feed
 1 file changed, 14 insertions(+)
 create mode 100644 meal-regimens.txt
$ git add meal-regimens.txt
$ git status
On branch master
Changes to be committed:
  (use "git reset HEAD <file>..." to unstage)

        modified:   meal-regimens.txt

$ git commit -m "make sure to feed"
[master e4cb9b9] make sure to feed
 1 file changed, 4 insertions(+)
$ git log
commit e4cb9b97e4c13784703d97af574053a0d59f4759
Author: codecademy <ccuser@codecademy.com>
Date:   Mon Mar 15 02:09:19 2021 +0000

    make sure to feed

commit 995bcc4fb920501f137a31645c1f17aa7c0fd93c
Author: codecademy <ccuser@codecademy.com>
Date:   Mon Mar 15 02:08:20 2021 +0000

    Feed
$ git add meal-regimens.txt
$ git status
