BASH commands from the SnapFit Robots, Inc codecademy project: 
$ git init
Initialized empty Git repository in /home/ccuser/workspace/snapfit-robots/.git/
$ git status
On branch master

Initial commit

Untracked files:
  (use "git add <file>..." to include in what will be committed)

        disclaimer.txt
        instructions.txt
        warranty.txt

nothing added to commit but untracked files present (use "git add" to track)
$ git add disclaimer.txt
$ git add instructions.txt
$ git add warranty.txt
$ git status
On branch master

Initial commit

Changes to be committed:
  (use "git rm --cached <file>..." to unstage)

        new file:   disclaimer.txt
        new file:   instructions.txt
        new file:   warranty.txt

$ git commit -m "Snapfit Robots Product Disclaimer"
[master (root-commit) 6af3ae6] Snapfit Robots Product Disclaimer
 3 files changed, 70 insertions(+)
 create mode 100644 disclaimer.txt
 create mode 100644 instructions.txt
 create mode 100644 warranty.txt
$ git log
commit 6af3ae6038bb52f8ecf9c1455361e5da56409776
Author: codecademy <ccuser@codecademy.com>
Date:   Mon Mar 15 02:15:10 2021 +0000

    Snapfit Robots Product Disclaimer
$ git add disclaimer.txt
$ git commit -m "do not charge overnight"
[master 6be04fd] do not charge overnight
 1 file changed, 1 insertion(+), 1 deletion(-)
$ git log
commit 6be04fd5faf18e2fe51fcb49cc1996732312704c
Author: codecademy <ccuser@codecademy.com>
Date:   Mon Mar 15 02:16:10 2021 +0000

    do not charge overnight

commit 6af3ae6038bb52f8ecf9c1455361e5da56409776
Author: codecademy <ccuser@codecademy.com>
Date:   Mon Mar 15 02:15:10 2021 +0000

    Snapfit Robots Product Disclaimer
$ 
